###
### MPE/MPEOS Reported Bugs Unit Tests
###
bug_eventDeleteTest
###
### MPE/MPEOS File-System Unit Tests
###
#
# SNFS Tests
#
test_fileOpenClose_snfs
test_fileRead_snfs
test_fileWrite_snfs
test_fileSeek_snfs
test_fileSync_snfs
test_fileDelete_snfs
test_fileRename_snfs
test_fileDirOpenClose_snfs
test_fileDirRead_snfs
test_fileDirRenameDelete_snfs
mpe_test_openclose_snfs
mpe_test_read_snfs
mpe_test_seek_snfs
mpe_test_stat_snfs
mpe_test_write_snfs
mpe_test_dir_openclose_snfs
mpe_test_dirread_snfs
#
# RomFS Tests
#
test_fileOpenClose_romfs
test_fileRead_romfs
test_fileSeek_romfs
test_fileSync_romfs
test_fileDirOpenClose_romfs
mpe_test_openclose_romfs
mpe_test_read_romfs
mpe_test_seek_romfs
mpe_test_dir_openclose_romfs
mpe_test_stat_romfs
mpe_test_dirread_romfs
#
# BFS Tests
#
#test_fileOpenClose_bfs
#test_fileRead_bfs
#test_fileSeek_bfs
#test_fileSync_bfs
#mpe_test_openclose_bfs
#mpe_test_read_bfs
#mpe_test_seek_bfs
#mpe_test_stat_bfs
#mpe_test_loadunload_bfs
test_mpe_fileChange_bfs
###
### MPE/MPEOS Graphics Unit Tests
###
test_gfxRunARGB2COLORTest
test_gfxRunRGB2COLORTest
test_gfxRunALPHAVALUETest
test_gfxRunREDVALUETest
test_gfxRunGREENVALUETest
test_gfxRunBLUEVALUETest
test_gfxRunContextNewTest
test_gfxRunContextCreateTest
test_gfxRunContextDeleteTest
test_gfxRunGetSurfaceTest
test_gfxRunSetGetColorTest
test_gfxRunSetGetFontTest
#test_gfxRunGetFont_DefaultTest
test_gfxRunSetFont_ClearTest
test_gfxRunSetGetPaintModeTest
test_gfxRunSetGetOriginTest
test_gfxRunSetGetClipRectTest
test_gfxScreenGetBoundsTest
#test_gfxRunContext_DistinctStateTest
test_gfxRunSurfaceNewTest
test_gfxRunSurfaceCreateTest
test_gfxRunSurfaceDeleteTest
test_gfxRunSurfaceGetInfoTest
test_gfxRunDrawSetupTest
test_gfxDraw_DistinctContextTest
test_gfxDrawLineTest
test_gfxDrawLine_offscreenTest
test_gfxDrawRectTest
test_gfxDrawRect_offscreenTest
test_gfxFillRectTest
test_gfxFillRect_offscreenTest
test_gfxClearRectTest
test_gfxClearRect_offscreenTest
test_gfxDrawEllipseTest
test_gfxDrawEllipse_offscreenTest
test_gfxFillEllipseTest
test_gfxFillEllipse_offscreenTest
test_gfxDrawRoundRectTest
test_gfxDrawRoundRect_offscreenTest
test_gfxFillRoundRectTest
test_gfxFillRoundRect_offscreenTest
test_gfxDrawArcTest
test_gfxDrawArc_offscreenTest
test_gfxFillArcTest
test_gfxFillArc_offscreenTest
test_gfxDrawPolylineTest
test_gfxDrawPolyline_offscreenTest
test_gfxBlit_SRCOVERTest
#test_gfxBitBltTest
#test_gfxBitBlt_offscreenTest
#test_gfxBitBlt_diffTest
test_gfxDraw_ClippedTest
test_gfxDraw_Clipped_offscreenTest
test_gfxDraw_TranslatedTest
test_gfxDraw_Translated_offscreenTest
#test_gfxDraw_DistinctStateTest
#test_gfxDraw_DistinctState_offscreenTest
#test_gfxDraw_DistinctSurfaceTest
test_gfxDrawStringTest
test_gfxDrawString_offscreenTest
test_gfxDrawString16Test
test_gfxDrawString16_offscreenTest
#test_gfxDraw_XORTest
#test_gfxDraw_SRCOVERTest
#test_gfxDraw_SRCTest
#test_gfxDraw_CLRTest
#test_gfxStretchBlt_diffTest
#test_gfxDrawPolygonTest
#test_gfxStretchBlt_otherTest
test_gfxStretchBltTest
#test_gfxStretchBlt_offscreenTest
#test_gfxFillPolygonTest
#test_gfxFillPolygon_offscreenTest
#test_gfxDrawPolygon_offscreenTest
test_mpeos_gfxRunAllTests

test_gfxRunFontTests
test_gfxRunFontNewTest
test_gfxRunFontDeleteTest
test_gfxRunGetFontMetricsTest
test_gfxRunGetStringWidthTest
test_gfxRunGetString16WidthTest
test_gfxRunGetCharWidthTest
test_gfxRunFontHasCodeTest

test_gfx_FontGetListTest
test_gfx_FontNotFoundNullTest
test_gfx_FontNewDeleteValidFontFactoryTest
test_gfx_FontNewDeleteInValidFontFactoryTest
test_gfx_FontFactNeverSystemTest
test_gfx_FontFactoryAddTest
test_gfx_FontMutiNewSameHandleTest
test_gfx_FontFactoryVerifyDistinctivenessTest
test_gfx_FontFactorySameFontMultiTimesTest

#test_gfx_SmokeTest
#test_gfxFillPerfTest
#test_gfxBlitPerfTest

###
### MPE/MPEOS Media Unit Tests
###
#test_mediaRunTunerTests
#test_mediaRunVideoTests
#test_mediaRunVideoOneTest
#test_mediaRunVideoTwoTest
#test_mediaRunVideoThreeTest
#test_mediaRunVideoFourTest
#test_mediaRunSetSAPTest
#test_mediaRunGetSAPTest
#test_mediaRunPlayStillTest
#test_mediaRunDecoderOneTest
#test_mediaRunDecoderTwoTest
#test_mediaRunDecoderThreeTest
#test_mediaRunDecoderFourTest
#test_mediaRunAudioTests
#test_mediaRunDecoderTests
#test_mediaRunMiscTests
#test_mediaRunNegTests
#test_mediaRunNegAudioTest
#test_mediaRunNegDecoderTest
#test_mediaRunNegTunerTest
#test_mediaRunNegVideoTest

###
### MPE/MPEOS Networking Unit Tests
###
test_mpe_netConnectAll
test_mpe_netLookupAll
test_mpe_netOptionsAll
test_mpe_netReadWriteAll
test_mpe_netSelectAll
###
### MPE/MPEOS SI Unit Tests
###
#test_siRunAllTests
#test_siRunAPITests
#test_siRunNegTests
###
### MPE/MPEOS Simulator-specific Unit Tests
###
###
### MPE/MPEOS System Unit Tests
###
test_sysRunTimeGetTest
test_sysRunTimeToDateTest
test_sysRunTimeClockTest
test_sysRunTimeClockTicksTest
test_sysRunTimeClockToMillisTest
test_sysRunTimeClockToTimeTest
test_sysRunTimeMillisToClockTest
test_sysRunTimeTmToTimeTest
test_sysRunEventQueueNewTest
test_sysRunEventQueueSendTest
test_sysRunEventQueueThreadSendTest
test_sysRunEventQueueThreadReceiveTest
test_sysRunEventPingPongTest
#test_sysRunEventQueueNextTest
test_sysRunMemAllocFreeTest
test_sysRunMemReallocFreeTest
test_sysRunMemGetFreeSizeTest
test_sysRunMemLargestFreeTest
test_sysRunSyncMutexNewTest
test_sysRunSyncMutexAcquireTest
test_sysRunSyncMutexAcquierTryTest
test_sysRunSyncCondNewTest
test_sysRunSyncCondGetSetTest
test_sysRunSyncCondPingPongTest
#test_sysRunSyncCondWaitForTest

###
### MPE/MPEOS Section Filter unit Tests
###
test_sectionFiltering_RunSystem
test_sectionFiltering_RunTest1
test_sectionFiltering_RunTest2
test_sectionFiltering_RunTest3
test_sectionFiltering_RunTest4
test_sectionFiltering_RunTest5
test_sectionFiltering_RunTest6
test_sectionFiltering_RunTest7
test_sectionFiltering_RunTest8
test_sectionFiltering_RunTest9
test_sectionFiltering_RunTest10
test_sectionFiltering_RunTest11
test_sectionFiltering_RunTest12
test_sectionFiltering_RunTest13
test_tableFiltering_RunTest1
test_sidb_RunTest

###
### MPE/MPEOS Closed Captioning unit tests
###
vpk_run_ccGetAttributes
vpk_run_ccSetAttributes
vpk_run_ccGetAnalogServices
vpk_run_ccGetDigitalServices

vpk_run_ccSetAnalogServices
vpk_run_ccSetDigitalServices

vpk_run_ccSetClosedCaptioningStateOn
vpk_run_ccSetClosedCaptioningStateOff
vpk_run_ccSetClosedCaptioningStateOnMute

###
### MPE/MPEOS DVR unit Tests
###
test_dvr_RunRecordingTest1
test_dvr_RunRecordingTest2
test_dvr_RunRecordingTest3
test_dvr_RunRecordingTest4
test_dvr_RunRecordingTest5
test_dvr_RunRecordingTest6
test_dvr_RunRecordingTest7
test_dvr_RunRecordingTest8


test_dvr_RunTSBTests
test_dvr_RunTSBTest1
test_dvr_RunTSBTest2
test_dvr_RunTSBTest3
test_dvr_RunTSBTest4

